[34863129ms] [VERBOSE] [DOM] Input elements should have autocomplete attributes (suggested: "current-password"): (More info: https://goo.gl/9p2vKq) %o @ https://ysf-shoop.vercel.app/en/login:0
[34878597ms] [ERROR] Failed to load resource: the server responded with a status of 404 () @ https://ysf-shoop.vercel.app/product/casio-g-shock?_rsc=cRtkYTJCgYXe8oDY:0
[34878598ms] [ERROR] Failed to load resource: the server responded with a status of 404 () @ https://ysf-shoop.vercel.app/product/omega-seamaster?_rsc=cRtkYTJCgYXe8oDY:0
[34878598ms] [ERROR] Failed to load resource: the server responded with a status of 404 () @ https://ysf-shoop.vercel.app/product/tissot-le-locle?_rsc=cRtkYTJCgYXe8oDY:0
[34878598ms] [ERROR] Failed to load resource: the server responded with a status of 404 () @ https://ysf-shoop.vercel.app/product/rolex-classic?_rsc=cRtkYTJCgYXe8oDY:0
[34881520ms] [ERROR] Failed to load resource: the server responded with a status of 404 () @ https://ysf-shoop.vercel.app/product/versace-eyewear?_rsc=7qp6hI_hxg7oUbRR:0
[34881543ms] [ERROR] Failed to load resource: the server responded with a status of 404 () @ https://ysf-shoop.vercel.app/product/ray-ban-wayfarer?_rsc=7qp6hI_hxg7oUbRR:0
[34952076ms] [ERROR] Failed to load resource: the server responded with a status of 404 () @ https://ysf-shoop.vercel.app/product/versace-eyewear?_rsc=7qp6hI_hxg7oUbRR:0
[34952548ms] [ERROR] Failed to load resource: the server responded with a status of 404 () @ https://ysf-shoop.vercel.app/product/versace-eyewear?_rsc=oUgf4iIOWBnZ-tL6:0
[34952634ms] [ERROR] Failed to load resource: the server responded with a status of 404 () @ https://ysf-shoop.vercel.app/product/versace-eyewear:0
[34955374ms] [ERROR] Failed to load resource: the server responded with a status of 404 () @ https://ysf-shoop.vercel.app/product/versace-eyewear?_rsc=7qp6hI_hxg7oUbRR:0
[34955454ms] [ERROR] Failed to load resource: the server responded with a status of 404 () @ https://ysf-shoop.vercel.app/product/ray-ban-wayfarer?_rsc=7qp6hI_hxg7oUbRR:0
[34957743ms] [ERROR] Failed to load resource: the server responded with a status of 404 () @ https://ysf-shoop.vercel.app/product/tissot-le-locle?_rsc=cRtkYTJCgYXe8oDY:0
[34957743ms] [ERROR] Failed to load resource: the server responded with a status of 404 () @ https://ysf-shoop.vercel.app/product/omega-seamaster?_rsc=cRtkYTJCgYXe8oDY:0
[34957747ms] [ERROR] Failed to load resource: the server responded with a status of 404 () @ https://ysf-shoop.vercel.app/product/rolex-classic?_rsc=cRtkYTJCgYXe8oDY:0
[34957760ms] [ERROR] Failed to load resource: the server responded with a status of 404 () @ https://ysf-shoop.vercel.app/product/casio-g-shock?_rsc=cRtkYTJCgYXe8oDY:0
[34960231ms] [ERROR] Failed to load resource: the server responded with a status of 404 () @ https://ysf-shoop.vercel.app/category/watches?_rsc=ry-B8umWgNEV4JR9:0
[34962079ms] [ERROR] Failed to load resource: the server responded with a status of 404 () @ https://ysf-shoop.vercel.app/category/watches?_rsc=uHqCsj4SQR6vibxi:0
[34969899ms] [ERROR] Failed to load resource: the server responded with a status of 404 () @ https://ysf-shoop.vercel.app/product/tissot-le-locle?_rsc=Fd4MEEn27XgqMiWu:0
[34969903ms] [ERROR] Failed to load resource: the server responded with a status of 404 () @ https://ysf-shoop.vercel.app/product/omega-seamaster?_rsc=Fd4MEEn27XgqMiWu:0
[34969909ms] [ERROR] Failed to load resource: the server responded with a status of 404 () @ https://ysf-shoop.vercel.app/product/rolex-classic?_rsc=Fd4MEEn27XgqMiWu:0
[34969925ms] [ERROR] Failed to load resource: the server responded with a status of 404 () @ https://ysf-shoop.vercel.app/product/casio-g-shock?_rsc=Fd4MEEn27XgqMiWu:0
[34973849ms] [ERROR] Failed to load resource: the server responded with a status of 404 () @ https://ysf-shoop.vercel.app/category/watches?_rsc=_H_fFy2_Q06N8BA7:0
[35022713ms] [ERROR] Failed to load resource: the server responded with a status of 404 () @ https://ysf-shoop.vercel.app/category/watches?_rsc=ry-B8umWgNEV4JR9:0
[35024021ms] [ERROR] Failed to load resource: the server responded with a status of 404 () @ https://ysf-shoop.vercel.app/category/watches?_rsc=uHqCsj4SQR6vibxi:0
[35026838ms] [ERROR] Failed to load resource: the server responded with a status of 404 () @ https://ysf-shoop.vercel.app/product/tissot-le-locle?_rsc=Fd4MEEn27XgqMiWu:0
[35026839ms] [ERROR] Failed to load resource: the server responded with a status of 404 () @ https://ysf-shoop.vercel.app/product/rolex-classic?_rsc=Fd4MEEn27XgqMiWu:0
[35026843ms] [ERROR] Failed to load resource: the server responded with a status of 404 () @ https://ysf-shoop.vercel.app/product/omega-seamaster?_rsc=Fd4MEEn27XgqMiWu:0
[35026847ms] [ERROR] Failed to load resource: the server responded with a status of 404 () @ https://ysf-shoop.vercel.app/product/casio-g-shock?_rsc=Fd4MEEn27XgqMiWu:0
[35027488ms] [ERROR] Failed to load resource: the server responded with a status of 404 () @ https://ysf-shoop.vercel.app/product/ray-ban-wayfarer?_rsc=jbvz_IvLGNxXEiSs:0
[35027492ms] [ERROR] Failed to load resource: the server responded with a status of 404 () @ https://ysf-shoop.vercel.app/product/versace-eyewear?_rsc=jbvz_IvLGNxXEiSs:0
[35057387ms] [ERROR] Failed to load resource: the server responded with a status of 404 () @ https://ysf-shoop.vercel.app/category/watches?_rsc=uHqCsj4SQR6vibxi:0
[35059157ms] [VERBOSE] [DOM] Input elements should have autocomplete attributes (suggested: "current-password"): (More info: https://goo.gl/9p2vKq) %o @ https://ysf-shoop.vercel.app/ar/login:0
[35063918ms] [ERROR] Failed to load resource: the server responded with a status of 404 () @ https://ysf-shoop.vercel.app/category/watches?_rsc=CnS1fQ4cBrkKy5Lu:0
[35069613ms] [ERROR] Failed to load resource: the server responded with a status of 404 () @ https://ysf-shoop.vercel.app/category/watches?_rsc=3qLn3fsLQmHmajWN:0
[35069706ms] [ERROR] Failed to load resource: the server responded with a status of 404 () @ https://ysf-shoop.vercel.app/category/watches:0
[35072841ms] [ERROR] Failed to load resource: the server responded with a status of 404 () @ https://ysf-shoop.vercel.app/category/watches?_rsc=CnS1fQ4cBrkKy5Lu:0
[35075964ms] [VERBOSE] [DOM] Input elements should have autocomplete attributes (suggested: "current-password"): (More info: https://goo.gl/9p2vKq) %o @ https://ysf-shoop.vercel.app/signup/login:0
[36289749ms] [ERROR] Failed to load resource: the server responded with a status of 404 () @ https://ysf-shoop.vercel.app/category/watches?_rsc=ry-B8umWgNEV4JR9:0
[36290576ms] [ERROR] Failed to load resource: the server responded with a status of 404 () @ https://ysf-shoop.vercel.app/category/watches?_rsc=uHqCsj4SQR6vibxi:0
[39132564ms] [ERROR] p: MISSING_MESSAGE: common.sunglasses (en)
    at c (https://ysf-shoop.vercel.app/_next/static/chunks/0ww.8382ipo~g.js:3:7909)
    at m (https://ysf-shoop.vercel.app/_next/static/chunks/0ww.8382ipo~g.js:3:8096)
    at f (https://ysf-shoop.vercel.app/_next/static/chunks/0ww.8382ipo~g.js:3:8555)
    at https://ysf-shoop.vercel.app/_next/static/chunks/0zxxn~1talynl.js:1:2171
    at aw (https://ysf-shoop.vercel.app/_next/static/chunks/10u3y4bw1ayzs.js:1:64306)
    at oZ (https://ysf-shoop.vercel.app/_next/static/chunks/10u3y4bw1ayzs.js:1:84271)
    at sp (https://ysf-shoop.vercel.app/_next/static/chunks/10u3y4bw1ayzs.js:1:139084)
    at https://ysf-shoop.vercel.app/_next/static/chunks/10u3y4bw1ayzs.js:1:133422
    at se (https://ysf-shoop.vercel.app/_next/static/chunks/10u3y4bw1ayzs.js:1:133931)
    at s$ (https://ysf-shoop.vercel.app/_next/static/chunks/10u3y4bw1ayzs.js:1:160495) @ https://ysf-shoop.vercel.app/_next/static/chunks/0ww.8382ipo~g.js:2
[39132565ms] [ERROR] p: MISSING_MESSAGE: common.sunglasses (en)
    at c (https://ysf-shoop.vercel.app/_next/static/chunks/0ww.8382ipo~g.js:3:7909)
    at m (https://ysf-shoop.vercel.app/_next/static/chunks/0ww.8382ipo~g.js:3:8096)
    at f (https://ysf-shoop.vercel.app/_next/static/chunks/0ww.8382ipo~g.js:3:8555)
    at https://ysf-shoop.vercel.app/_next/static/chunks/0zxxn~1talynl.js:1:4882
    at https://ysf-shoop.vercel.app/_next/static/chunks/0zxxn~1talynl.js:1:4924
    at Array.map (<anonymous>)
    at https://ysf-shoop.vercel.app/_next/static/chunks/0zxxn~1talynl.js:1:3269
    at aw (https://ysf-shoop.vercel.app/_next/static/chunks/10u3y4bw1ayzs.js:1:64306)
    at oZ (https://ysf-shoop.vercel.app/_next/static/chunks/10u3y4bw1ayzs.js:1:84271)
    at sp (https://ysf-shoop.vercel.app/_next/static/chunks/10u3y4bw1ayzs.js:1:139084) @ https://ysf-shoop.vercel.app/_next/static/chunks/0ww.8382ipo~g.js:2
[39132566ms] [ERROR] p: MISSING_MESSAGE: common.sunglasses (en)
    at c (https://ysf-shoop.vercel.app/_next/static/chunks/0ww.8382ipo~g.js:3:7909)
    at m (https://ysf-shoop.vercel.app/_next/static/chunks/0ww.8382ipo~g.js:3:8096)
    at f (https://ysf-shoop.vercel.app/_next/static/chunks/0ww.8382ipo~g.js:3:8555)
    at https://ysf-shoop.vercel.app/_next/static/chunks/0zxxn~1talynl.js:1:4882
    at https://ysf-shoop.vercel.app/_next/static/chunks/0zxxn~1talynl.js:1:4924
    at Array.map (<anonymous>)
    at https://ysf-shoop.vercel.app/_next/static/chunks/0zxxn~1talynl.js:1:3269
    at aw (https://ysf-shoop.vercel.app/_next/static/chunks/10u3y4bw1ayzs.js:1:64306)
    at oZ (https://ysf-shoop.vercel.app/_next/static/chunks/10u3y4bw1ayzs.js:1:84271)
    at sp (https://ysf-shoop.vercel.app/_next/static/chunks/10u3y4bw1ayzs.js:1:139084) @ https://ysf-shoop.vercel.app/_next/static/chunks/0ww.8382ipo~g.js:2
[39139777ms] [ERROR] p: MISSING_MESSAGE: common.sunglasses (en)
    at c (https://ysf-shoop.vercel.app/_next/static/chunks/0ww.8382ipo~g.js:3:7909)
    at m (https://ysf-shoop.vercel.app/_next/static/chunks/0ww.8382ipo~g.js:3:8096)
    at f (https://ysf-shoop.vercel.app/_next/static/chunks/0ww.8382ipo~g.js:3:8555)
    at https://ysf-shoop.vercel.app/_next/static/chunks/0zxxn~1talynl.js:1:2171
    at aw (https://ysf-shoop.vercel.app/_next/static/chunks/10u3y4bw1ayzs.js:1:64306)
    at oZ (https://ysf-shoop.vercel.app/_next/static/chunks/10u3y4bw1ayzs.js:1:84271)
    at sp (https://ysf-shoop.vercel.app/_next/static/chunks/10u3y4bw1ayzs.js:1:139084)
    at https://ysf-shoop.vercel.app/_next/static/chunks/10u3y4bw1ayzs.js:1:133422
    at se (https://ysf-shoop.vercel.app/_next/static/chunks/10u3y4bw1ayzs.js:1:133931)
    at s$ (https://ysf-shoop.vercel.app/_next/static/chunks/10u3y4bw1ayzs.js:1:160495) @ https://ysf-shoop.vercel.app/_next/static/chunks/0ww.8382ipo~g.js:2
[39139778ms] [ERROR] p: MISSING_MESSAGE: common.sunglasses (en)
    at c (https://ysf-shoop.vercel.app/_next/static/chunks/0ww.8382ipo~g.js:3:7909)
    at m (https://ysf-shoop.vercel.app/_next/static/chunks/0ww.8382ipo~g.js:3:8096)
    at f (https://ysf-shoop.vercel.app/_next/static/chunks/0ww.8382ipo~g.js:3:8555)
    at https://ysf-shoop.vercel.app/_next/static/chunks/0zxxn~1talynl.js:1:4882
    at https://ysf-shoop.vercel.app/_next/static/chunks/0zxxn~1talynl.js:1:4924
    at Array.map (<anonymous>)
    at https://ysf-shoop.vercel.app/_next/static/chunks/0zxxn~1talynl.js:1:3269
    at aw (https://ysf-shoop.vercel.app/_next/static/chunks/10u3y4bw1ayzs.js:1:64306)
    at oZ (https://ysf-shoop.vercel.app/_next/static/chunks/10u3y4bw1ayzs.js:1:84271)
    at sp (https://ysf-shoop.vercel.app/_next/static/chunks/10u3y4bw1ayzs.js:1:139084) @ https://ysf-shoop.vercel.app/_next/static/chunks/0ww.8382ipo~g.js:2
[39139779ms] [ERROR] p: MISSING_MESSAGE: common.sunglasses (en)
    at c (https://ysf-shoop.vercel.app/_next/static/chunks/0ww.8382ipo~g.js:3:7909)
    at m (https://ysf-shoop.vercel.app/_next/static/chunks/0ww.8382ipo~g.js:3:8096)
    at f (https://ysf-shoop.vercel.app/_next/static/chunks/0ww.8382ipo~g.js:3:8555)
    at https://ysf-shoop.vercel.app/_next/static/chunks/0zxxn~1talynl.js:1:4882
    at https://ysf-shoop.vercel.app/_next/static/chunks/0zxxn~1talynl.js:1:4924
    at Array.map (<anonymous>)
    at https://ysf-shoop.vercel.app/_next/static/chunks/0zxxn~1talynl.js:1:3269
    at aw (https://ysf-shoop.vercel.app/_next/static/chunks/10u3y4bw1ayzs.js:1:64306)
    at oZ (https://ysf-shoop.vercel.app/_next/static/chunks/10u3y4bw1ayzs.js:1:84271)
    at sp (https://ysf-shoop.vercel.app/_next/static/chunks/10u3y4bw1ayzs.js:1:139084) @ https://ysf-shoop.vercel.app/_next/static/chunks/0ww.8382ipo~g.js:2
