[     517ms] [INFO] %cDownload the React DevTools for a better development experience: https://react.dev/link/react-devtools font-weight:bold @ http://localhost:3000/_next/static/chunks/node_modules_next_dist_115brz8._.js:2477
[     530ms] [LOG] [HMR] connected @ http://localhost:3000/_next/static/chunks/node_modules_next_dist_115brz8._.js:2477
[     649ms] [LOG] [Fast Refresh] rebuilding @ http://localhost:3000/_next/static/chunks/node_modules_next_dist_115brz8._.js:2477
[    1431ms] [LOG] [Fast Refresh] done in 889ms @ http://localhost:3000/_next/static/chunks/node_modules_next_dist_115brz8._.js:2477
[  128896ms] [LOG] [Fast Refresh] rebuilding @ http://localhost:3000/_next/static/chunks/node_modules_next_dist_115brz8._.js:2477
[  128913ms] [LOG] [Fast Refresh] done in 120ms @ http://localhost:3000/_next/static/chunks/node_modules_next_dist_115brz8._.js:2477
[  136282ms] [LOG] [Fast Refresh] rebuilding @ http://localhost:3000/_next/static/chunks/node_modules_next_dist_115brz8._.js:2477
[  136298ms] [LOG] [Fast Refresh] done in 124ms @ http://localhost:3000/_next/static/chunks/node_modules_next_dist_115brz8._.js:2477
[ 1956390ms] [LOG] [Fast Refresh] rebuilding @ http://localhost:3000/_next/static/chunks/node_modules_next_dist_115brz8._.js:2477
[ 1956401ms] [LOG] [Fast Refresh] done in 114ms @ http://localhost:3000/_next/static/chunks/node_modules_next_dist_115brz8._.js:2477
[ 1956514ms] [LOG] [Fast Refresh] rebuilding @ http://localhost:3000/_next/static/chunks/node_modules_next_dist_115brz8._.js:2477
[ 1967724ms] [LOG] [Fast Refresh] done in 11320ms @ http://localhost:3000/_next/static/chunks/node_modules_next_dist_115brz8._.js:2477
[ 1968187ms] [LOG] [Fast Refresh] rebuilding @ http://localhost:3000/_next/static/chunks/node_modules_next_dist_115brz8._.js:2477
[ 1975425ms] [LOG] [Fast Refresh] done in 7341ms @ http://localhost:3000/_next/static/chunks/node_modules_next_dist_115brz8._.js:2477
[ 1975535ms] [LOG] [Fast Refresh] rebuilding @ http://localhost:3000/_next/static/chunks/node_modules_next_dist_115brz8._.js:2477
[ 1975866ms] [LOG] [Fast Refresh] done in 440ms @ http://localhost:3000/_next/static/chunks/node_modules_next_dist_115brz8._.js:2477
[ 1975972ms] [LOG] [Fast Refresh] rebuilding @ http://localhost:3000/_next/static/chunks/node_modules_next_dist_115brz8._.js:2477
[ 1977916ms] [LOG] [Fast Refresh] done in 2050ms @ http://localhost:3000/_next/static/chunks/node_modules_next_dist_115brz8._.js:2477
[ 1977917ms] [ERROR] Failed to load resource: the server responded with a status of 500 (Internal Server Error) @ http://localhost:3000/shop?_rsc=sxsCJ8O27MRbfUy1:0
[ 1977980ms] [ERROR] Failed to load resource: the server responded with a status of 500 (Internal Server Error) @ http://localhost:3000/shop?_rsc=sxsCJ8O27MRbfUy1:0
[ 1978017ms] [LOG] [Fast Refresh] rebuilding @ http://localhost:3000/_next/static/chunks/node_modules_next_dist_115brz8._.js:2477
[ 1978053ms] [ERROR] Failed to load resource: the server responded with a status of 500 (Internal Server Error) @ http://localhost:3000/shop:0
[ 1978354ms] [INFO] %cDownload the React DevTools for a better development experience: https://react.dev/link/react-devtools font-weight:bold @ http://localhost:3000/_next/static/chunks/node_modules_react-dom_0bruynb._.js:15305
[ 1978430ms] Error: Your project's URL and Key are required to create a Supabase client!

Check your Supabase project's API settings to find these values

https://supabase.com/dashboard/project/_/settings/api
    at <unknown> (https://supabase.com/dashboard/project/_/settings/api)
    at createServerClient (file://D:\projects\ysf.shoop\.next\dev\server\chunks\node_modules_0l36q3-._.js:10240:15)
    at createClient (file://D:\projects\ysf.shoop\.next\dev\server\chunks\[root-of-the-server]__0s0m3tx._.js:93:218)
    at proxy (file://D:\projects\ysf.shoop\.next\dev\server\chunks\[root-of-the-server]__0s0m3tx._.js:125:197)
    at <unknown> (file://D:\projects\ysf.shoop\.next\dev\server\chunks\node_modules_next_0g_pusu._.js:19590:26)
    at AsyncLocalStorage.run (node:internal/async_local_storage/async_context_frame:63:14)
    at <unknown> (file://D:\projects\ysf.shoop\.next\dev\server\chunks\node_modules_next_0g_pusu._.js:7062:633)
    at AsyncLocalStorage.run (node:internal/async_local_storage/async_context_frame:63:14)
    at <unknown> (file://D:\projects\ysf.shoop\.next\dev\server\chunks\node_modules_next_0g_pusu._.js:7062:314)
    at async adapter (file://D:\projects\ysf.shoop\.next\dev\server\chunks\node_modules_next_0g_pusu._.js:7016:16)
    at async DevServer.runMiddleware (file://D:\projects\ysf.shoop\node_modules\next\dist\server\next-server.js:1192:26)
    at async DevServer.runMiddleware (file://D:\projects\ysf.shoop\node_modules\next\dist\server\dev\next-dev-server.js:278:28)
    at async NextNodeServer.handleCatchallMiddlewareRequest (file://D:\projects\ysf.shoop\node_modules\next\dist\server\next-server.js:392:26)
    at async DevServer.handleRequestImpl (file://D:\projects\ysf.shoop\node_modules\next\dist\server\base-server.js:941:28)
    at async (file://D:\projects\ysf.shoop\node_modules\next\dist\server\dev\next-dev-server.js:394:20)
    at async Span.traceAsyncFn (file://D:\projects\ysf.shoop\node_modules\next\dist\trace\trace.js:164:20)
    at async DevServer.handleRequest (file://D:\projects\ysf.shoop\node_modules\next\dist\server\dev\next-dev-server.js:390:24)
    at async handleRoute (file://D:\projects\ysf.shoop\node_modules\next\dist\server\lib\router-utils\resolve-routes.js:366:33)
    at async resolveRoutes (file://D:\projects\ysf.shoop\node_modules\next\dist\server\lib\router-utils\resolve-routes.js:622:28)
    at async handleRequest (file://D:\projects\ysf.shoop\node_modules\next\dist\server\lib\router-server.js:314:96)
    at async requestHandlerImpl (file://D:\projects\ysf.shoop\node_modules\next\dist\server\lib\router-server.js:514:13)
    at async Server.requestListener (file://D:\projects\ysf.shoop\node_modules\next\dist\server\lib\start-server.js:225:13)
[ 1978430ms] [LOG] [HMR] connected @ http://localhost:3000/_next/static/chunks/node_modules_next_dist_0u_w_5s._.js:1226
[ 2001791ms] [LOG] [Fast Refresh] rebuilding @ http://localhost:3000/_next/static/chunks/node_modules_next_dist_0u_w_5s._.js:1226
[ 2001795ms] [LOG] [Fast Refresh] done in 88ms @ http://localhost:3000/_next/static/chunks/node_modules_next_dist_0u_w_5s._.js:1226
[ 2002018ms] [ERROR] Failed to load resource: the server responded with a status of 500 (Internal Server Error) @ http://localhost:3000/shop:0
[ 2002196ms] [INFO] %cDownload the React DevTools for a better development experience: https://react.dev/link/react-devtools font-weight:bold @ http://localhost:3000/_next/static/chunks/node_modules_react-dom_0bruynb._.js:15305
[ 2002218ms] Error: Your project's URL and Key are required to create a Supabase client!

Check your Supabase project's API settings to find these values

https://supabase.com/dashboard/project/_/settings/api
    at <unknown> (https://supabase.com/dashboard/project/_/settings/api)
    at createServerClient (file://D:\projects\ysf.shoop\.next\dev\server\chunks\node_modules_0l36q3-._.js:10240:15)
    at createClient (file://D:\projects\ysf.shoop\.next\dev\server\chunks\[root-of-the-server]__0s0m3tx._.js:93:218)
    at proxy (file://D:\projects\ysf.shoop\.next\dev\server\chunks\[root-of-the-server]__0s0m3tx._.js:125:197)
    at <unknown> (file://D:\projects\ysf.shoop\.next\dev\server\chunks\node_modules_next_0g_pusu._.js:19590:26)
    at AsyncLocalStorage.run (node:internal/async_local_storage/async_context_frame:63:14)
    at <unknown> (file://D:\projects\ysf.shoop\.next\dev\server\chunks\node_modules_next_0g_pusu._.js:7062:633)
    at AsyncLocalStorage.run (node:internal/async_local_storage/async_context_frame:63:14)
    at <unknown> (file://D:\projects\ysf.shoop\.next\dev\server\chunks\node_modules_next_0g_pusu._.js:7062:314)
    at async adapter (file://D:\projects\ysf.shoop\.next\dev\server\chunks\node_modules_next_0g_pusu._.js:7016:16)
    at async DevServer.runMiddleware (file://D:\projects\ysf.shoop\node_modules\next\dist\server\next-server.js:1192:26)
    at async DevServer.runMiddleware (file://D:\projects\ysf.shoop\node_modules\next\dist\server\dev\next-dev-server.js:278:28)
    at async NextNodeServer.handleCatchallMiddlewareRequest (file://D:\projects\ysf.shoop\node_modules\next\dist\server\next-server.js:392:26)
    at async DevServer.handleRequestImpl (file://D:\projects\ysf.shoop\node_modules\next\dist\server\base-server.js:941:28)
    at async (file://D:\projects\ysf.shoop\node_modules\next\dist\server\dev\next-dev-server.js:394:20)
    at async Span.traceAsyncFn (file://D:\projects\ysf.shoop\node_modules\next\dist\trace\trace.js:164:20)
    at async DevServer.handleRequest (file://D:\projects\ysf.shoop\node_modules\next\dist\server\dev\next-dev-server.js:390:24)
    at async handleRoute (file://D:\projects\ysf.shoop\node_modules\next\dist\server\lib\router-utils\resolve-routes.js:366:33)
    at async resolveRoutes (file://D:\projects\ysf.shoop\node_modules\next\dist\server\lib\router-utils\resolve-routes.js:622:28)
    at async handleRequest (file://D:\projects\ysf.shoop\node_modules\next\dist\server\lib\router-server.js:314:96)
    at async requestHandlerImpl (file://D:\projects\ysf.shoop\node_modules\next\dist\server\lib\router-server.js:514:13)
    at async Server.requestListener (file://D:\projects\ysf.shoop\node_modules\next\dist\server\lib\start-server.js:225:13)
[ 2002220ms] [LOG] [HMR] connected @ http://localhost:3000/_next/static/chunks/node_modules_next_dist_0u_w_5s._.js:1226
[ 2007275ms] [LOG] [Fast Refresh] rebuilding @ http://localhost:3000/_next/static/chunks/node_modules_next_dist_0u_w_5s._.js:1226
[ 2007496ms] [LOG] [Fast Refresh] done in 308ms @ http://localhost:3000/_next/static/chunks/node_modules_next_dist_0u_w_5s._.js:1226
[ 2007636ms] [LOG] [Fast Refresh] rebuilding @ http://localhost:3000/_next/static/chunks/node_modules_next_dist_0u_w_5s._.js:1226
[ 2007884ms] [LOG] [Fast Refresh] done in 357ms @ http://localhost:3000/_next/static/chunks/node_modules_next_dist_0u_w_5s._.js:1226
[ 2007990ms] [LOG] [Fast Refresh] rebuilding @ http://localhost:3000/_next/static/chunks/node_modules_next_dist_0u_w_5s._.js:1226
[ 2008007ms] [LOG] [Fast Refresh] done in 121ms @ http://localhost:3000/_next/static/chunks/node_modules_next_dist_0u_w_5s._.js:1226
[ 2008015ms] [ERROR] Failed to load resource: the server responded with a status of 500 (Internal Server Error) @ http://localhost:3000/shop:0
[ 2008175ms] [INFO] %cDownload the React DevTools for a better development experience: https://react.dev/link/react-devtools font-weight:bold @ http://localhost:3000/_next/static/chunks/node_modules_react-dom_0bruynb._.js:15305
[ 2008188ms] Error: Your project's URL and Key are required to create a Supabase client!

Check your Supabase project's API settings to find these values

https://supabase.com/dashboard/project/_/settings/api
    at <unknown> (https://supabase.com/dashboard/project/_/settings/api)
    at createServerClient (file://D:\projects\ysf.shoop\.next\dev\server\chunks\node_modules_0l36q3-._.js:10240:15)
    at createClient (file://D:\projects\ysf.shoop\.next\dev\server\chunks\[root-of-the-server]__0s0m3tx._.js:93:218)
    at proxy (file://D:\projects\ysf.shoop\.next\dev\server\chunks\[root-of-the-server]__0s0m3tx._.js:125:197)
    at <unknown> (file://D:\projects\ysf.shoop\.next\dev\server\chunks\node_modules_next_0g_pusu._.js:19590:26)
    at AsyncLocalStorage.run (node:internal/async_local_storage/async_context_frame:63:14)
    at <unknown> (file://D:\projects\ysf.shoop\.next\dev\server\chunks\node_modules_next_0g_pusu._.js:7062:633)
    at AsyncLocalStorage.run (node:internal/async_local_storage/async_context_frame:63:14)
    at <unknown> (file://D:\projects\ysf.shoop\.next\dev\server\chunks\node_modules_next_0g_pusu._.js:7062:314)
    at async adapter (file://D:\projects\ysf.shoop\.next\dev\server\chunks\node_modules_next_0g_pusu._.js:7016:16)
    at async DevServer.runMiddleware (file://D:\projects\ysf.shoop\node_modules\next\dist\server\next-server.js:1192:26)
    at async DevServer.runMiddleware (file://D:\projects\ysf.shoop\node_modules\next\dist\server\dev\next-dev-server.js:278:28)
    at async NextNodeServer.handleCatchallMiddlewareRequest (file://D:\projects\ysf.shoop\node_modules\next\dist\server\next-server.js:392:26)
    at async DevServer.handleRequestImpl (file://D:\projects\ysf.shoop\node_modules\next\dist\server\base-server.js:941:28)
    at async (file://D:\projects\ysf.shoop\node_modules\next\dist\server\dev\next-dev-server.js:394:20)
    at async Span.traceAsyncFn (file://D:\projects\ysf.shoop\node_modules\next\dist\trace\trace.js:164:20)
    at async DevServer.handleRequest (file://D:\projects\ysf.shoop\node_modules\next\dist\server\dev\next-dev-server.js:390:24)
    at async handleRoute (file://D:\projects\ysf.shoop\node_modules\next\dist\server\lib\router-utils\resolve-routes.js:366:33)
    at async resolveRoutes (file://D:\projects\ysf.shoop\node_modules\next\dist\server\lib\router-utils\resolve-routes.js:622:28)
    at async handleRequest (file://D:\projects\ysf.shoop\node_modules\next\dist\server\lib\router-server.js:314:96)
    at async requestHandlerImpl (file://D:\projects\ysf.shoop\node_modules\next\dist\server\lib\router-server.js:514:13)
    at async Server.requestListener (file://D:\projects\ysf.shoop\node_modules\next\dist\server\lib\start-server.js:225:13)
[ 2008188ms] [LOG] [HMR] connected @ http://localhost:3000/_next/static/chunks/node_modules_next_dist_0u_w_5s._.js:1226
[ 2009046ms] [LOG] [Fast Refresh] rebuilding @ http://localhost:3000/_next/static/chunks/node_modules_next_dist_0u_w_5s._.js:1226
[ 2009101ms] [LOG] [Fast Refresh] done in 52ms @ http://localhost:3000/_next/static/chunks/node_modules_next_dist_0u_w_5s._.js:1226
