[     116ms] [LOG] [Fast Refresh] rebuilding @ http://localhost:3000/_next/static/chunks/node_modules_next_dist_115brz8._.js:2477
[     260ms] [LOG] [Fast Refresh] done in 252ms @ http://localhost:3000/_next/static/chunks/node_modules_next_dist_115brz8._.js:2477
[     400ms] [LOG] [Fast Refresh] rebuilding @ http://localhost:3000/_next/static/chunks/node_modules_next_dist_115brz8._.js:2477
[     539ms] [LOG] [Fast Refresh] done in 242ms @ http://localhost:3000/_next/static/chunks/node_modules_next_dist_115brz8._.js:2477
[     568ms] [VERBOSE] [DOM] Input elements should have autocomplete attributes (suggested: "current-password"): (More info: https://goo.gl/9p2vKq) %o @ http://localhost:3000/login:0
[     603ms] [INFO] %cDownload the React DevTools for a better development experience: https://react.dev/link/react-devtools font-weight:bold @ http://localhost:3000/_next/static/chunks/node_modules_next_dist_115brz8._.js:2477
[     619ms] [LOG] [HMR] connected @ http://localhost:3000/_next/static/chunks/node_modules_next_dist_115brz8._.js:2477
[  263947ms] [LOG] [Fast Refresh] rebuilding @ http://localhost:3000/_next/static/chunks/node_modules_next_dist_115brz8._.js:2477
[  264318ms] [LOG] [Fast Refresh] done in 474ms @ http://localhost:3000/_next/static/chunks/node_modules_next_dist_115brz8._.js:2477
[  264432ms] [LOG] [Fast Refresh] rebuilding @ http://localhost:3000/_next/static/chunks/node_modules_next_dist_115brz8._.js:2477
[  264497ms] [LOG] [Fast Refresh] done in 178ms @ http://localhost:3000/_next/static/chunks/node_modules_next_dist_115brz8._.js:2477
[  264711ms] [LOG] [Fast Refresh] rebuilding @ http://localhost:3000/_next/static/chunks/node_modules_next_dist_115brz8._.js:2477
[  264746ms] [LOG] [Fast Refresh] done in 136ms @ http://localhost:3000/_next/static/chunks/node_modules_next_dist_115brz8._.js:2477
[  264992ms] [LOG] [Fast Refresh] rebuilding @ http://localhost:3000/_next/static/chunks/node_modules_next_dist_115brz8._.js:2477
[  265035ms] [LOG] [Fast Refresh] done in 148ms @ http://localhost:3000/_next/static/chunks/node_modules_next_dist_115brz8._.js:2477
[  265139ms] Error: Your project's URL and Key are required to create a Supabase client!

Check your Supabase project's API settings to find these values

https://supabase.com/dashboard/project/_/settings/api
    at createClient (about://React/Server/D:%5Cprojects%5Cysf.shoop%5C.next%5Cdev%5Cserver%5Cchunks%5Cssr%5C_06kjfma._.js?54:15:208)
    at  getSession (about://React/Server/D:%5Cprojects%5Cysf.shoop%5C.next%5Cdev%5Cserver%5Cchunks%5Cssr%5C%5Broot-of-the-server%5D__0kzx4z3._.js?55:42:22)
    at  LoginPage (about://React/Server/D:%5Cprojects%5Cysf.shoop%5C.next%5Cdev%5Cserver%5Cchunks%5Cssr%5C%5Broot-of-the-server%5D__0kzx4z3._.js?56:87:21)
    at resolveErrorDev (http://localhost:3000/_next/static/chunks/node_modules_next_dist_compiled_react-server-dom-turbopack_0p3wegg._.js:1919:150)
    at processFullStringRow (http://localhost:3000/_next/static/chunks/node_modules_next_dist_compiled_react-server-dom-turbopack_0p3wegg._.js:2434:29)
    at processFullBinaryRow (http://localhost:3000/_next/static/chunks/node_modules_next_dist_compiled_react-server-dom-turbopack_0p3wegg._.js:2393:9)
    at processBinaryChunk (http://localhost:3000/_next/static/chunks/node_modules_next_dist_compiled_react-server-dom-turbopack_0p3wegg._.js:2502:221)
    at progress (http://localhost:3000/_next/static/chunks/node_modules_next_dist_compiled_react-server-dom-turbopack_0p3wegg._.js:2689:13)
[  265478ms] [LOG] [Fast Refresh] rebuilding @ http://localhost:3000/_next/static/chunks/node_modules_next_dist_115brz8._.js:2477
[  265595ms] [LOG] [Fast Refresh] done in 195ms @ http://localhost:3000/_next/static/chunks/node_modules_next_dist_115brz8._.js:2477
[  265704ms] [LOG] [Fast Refresh] rebuilding @ http://localhost:3000/_next/static/chunks/node_modules_next_dist_115brz8._.js:2477
[  265845ms] [LOG] [Fast Refresh] done in 246ms @ http://localhost:3000/_next/static/chunks/node_modules_next_dist_115brz8._.js:2477
[  265873ms] [VERBOSE] [DOM] Input elements should have autocomplete attributes (suggested: "current-password"): (More info: https://goo.gl/9p2vKq) %o @ http://localhost:3000/login:0
[  265902ms] [INFO] %cDownload the React DevTools for a better development experience: https://react.dev/link/react-devtools font-weight:bold @ http://localhost:3000/_next/static/chunks/node_modules_next_dist_115brz8._.js:2477
[  265918ms] [LOG] [HMR] connected @ http://localhost:3000/_next/static/chunks/node_modules_next_dist_115brz8._.js:2477
[  269214ms] [LOG] [Fast Refresh] rebuilding @ http://localhost:3000/_next/static/chunks/node_modules_next_dist_115brz8._.js:2477
[  269245ms] [LOG] [Fast Refresh] done in 143ms @ http://localhost:3000/_next/static/chunks/node_modules_next_dist_115brz8._.js:2477
[  269355ms] [LOG] [Fast Refresh] rebuilding @ http://localhost:3000/_next/static/chunks/node_modules_next_dist_115brz8._.js:2477
[  270142ms] [LOG] [Fast Refresh] done in 872ms @ http://localhost:3000/_next/static/chunks/node_modules_next_dist_115brz8._.js:2477
[  333562ms] [ERROR] Failed to load resource: the server responded with a status of 500 (Internal Server Error) @ http://localhost:3000/login:0
[  333819ms] [INFO] %cDownload the React DevTools for a better development experience: https://react.dev/link/react-devtools font-weight:bold @ http://localhost:3000/_next/static/chunks/node_modules_react-dom_0bruynb._.js:15305
[  333926ms] Error: Could not parse module '[project]/src/middleware.ts', file not found
    at module evaluation (file://D:\projects\ysf.shoop\.next\dev\server\edge\chunks\[root-of-the-server]__00x5ghn._.js:56:11)
    at <unknown> (file://D:\projects\ysf.shoop\.next\dev\server\edge\chunks\turbopack-node_modules_next_dist_esm_build_templates_edge-wrapper_0c0a-ev.js:1307:27)
    at runModuleExecutionHooks (file://D:\projects\ysf.shoop\.next\dev\server\edge\chunks\turbopack-node_modules_next_dist_esm_build_templates_edge-wrapper_0c0a-ev.js:1649:9)
    at instantiateModuleShared (file://D:\projects\ysf.shoop\.next\dev\server\edge\chunks\turbopack-node_modules_next_dist_esm_build_templates_edge-wrapper_0c0a-ev.js:1305:9)
    at instantiateModule (file://D:\projects\ysf.shoop\.next\dev\server\edge\chunks\turbopack-node_modules_next_dist_esm_build_templates_edge-wrapper_0c0a-ev.js:1621:12)
    at getOrInstantiateModuleFromParent (file://D:\projects\ysf.shoop\.next\dev\server\edge\chunks\turbopack-node_modules_next_dist_esm_build_templates_edge-wrapper_0c0a-ev.js:1604:12)
    at DevContext.esmImport [as i] (file://D:\projects\ysf.shoop\.next\dev\server\edge\chunks\turbopack-node_modules_next_dist_esm_build_templates_edge-wrapper_0c0a-ev.js:278:20)
    at module evaluation (file://D:\projects\ysf.shoop\.next\dev\server\edge\chunks\node_modules_next_dist_0i98ej7._.js:19027:151)
    at <unknown> (file://D:\projects\ysf.shoop\.next\dev\server\edge\chunks\turbopack-node_modules_next_dist_esm_build_templates_edge-wrapper_0c0a-ev.js:1307:27)
    at runModuleExecutionHooks (file://D:\projects\ysf.shoop\.next\dev\server\edge\chunks\turbopack-node_modules_next_dist_esm_build_templates_edge-wrapper_0c0a-ev.js:1649:9)
[  334143ms] [LOG] [HMR] connected @ http://localhost:3000/_next/static/chunks/node_modules_next_dist_0u_w_5s._.js:1226
